---
source: tui/src/history_cell.rs
expression: rendered
---
• Ran
  └ a_very_long_token_wi
    thout_spaces_to_forc
    e_wrapping
