---
source: tui/src/diff_render.rs
expression: terminal.backend()
---
"â€¢ Change Approved 1 file (+1 -1)                                                "
"                                                                                "
"                                                                                "
"                                                                                "
"                                                                                "
"                                                                                "
"                                                                                "
"                                                                                "
"                                                                                "
"                                                                                "
"                                                                                "
"                                                                                "
