---
source: tui/src/diff_render.rs
assertion_line: 748
expression: terminal.backend()
---
"â€¢ Edited new_file.txt (+2 -0)                                                   "
"    1     +alpha                                                                "
"    2     +beta                                                                 "
"                                                                                "
"                                                                                "
"                                                                                "
"                                                                                "
"                                                                                "
"                                                                                "
"                                                                                "
