---
source: tui/src/chatwidget/tests.rs
expression: snapshot_text
---
Proposed

• Proposed Change foo.txt (+1 -0)
    1     +hello


Approved

• Change Approved 1 file (+1 -0)
  └ foo.txt (+1)
    1     +hello
