---
source: tui/src/chatwidget/tests.rs
expression: lines_to_single_string(&approved_lines)
---
â€¢ Change Approved 1 file (+1 -0)
